Closure("f",["x"],Prim("+",Variable"x",Constant(IntegerValue2)),[])