Closure("part_f",["z"],
  Let("k",Prim("+",Variable"x",Prim("*",Variable"y",Variable"z")),
  Variable"k"),
    [("x",IntegerValue1);
    ("y",IntegerValue2);
    ("f",Closure("f",["x";"y";"z"],
      Let("k",Prim("+",Variable"x",Prim("*",Variable"y",Variable"z")),
      Variable"k"),[]))
    ])