Closure("part_f",["z"],
    Apply ("f", [Constant (IntegerValue 1); Constant (IntegerValue 2); Variable "z"]),
    [("f", Closure ("f",["x"; "y"; "z"],
            Let ("k",Prim ("+",Variable "x",Prim ("*",Variable "y",Variable "z")),
            Variable "k"),[]))])